src/pages/Stats.tsx(3,27): error TS6133: 'AreaChart' is declared but its value is never read.
src/pages/Stats.tsx(3,38): error TS6133: 'Area' is declared but its value is never read.
src/pages/Stats.tsx(3,149): error TS6133: 'PolarRadiusAxis' is declared but its value is never read.
src/pages/Stats.tsx(6,30): error TS6133: 'Activity' is declared but its value is never read.
src/pages/Stats.tsx(12,9): error TS6133: 'volumeData' is declared but its value is never read.
src/pages/Stats.tsx(17,70): error TS2362: The left-hand side of an arithmetic operation must be of type 'any', 'number', 'bigint' or an enum type.
src/pages/Stats.tsx(17,83): error TS2363: The right-hand side of an arithmetic operation must be of type 'any', 'number', 'bigint' or an enum type.
src/pages/Stats.tsx(78,15): error TS2365: Operator '>' cannot be applied to types 'string | number' and 'number'.
src/pages/Stats.tsx(78,31): error TS2365: Operator '<=' cannot be applied to types 'string | number' and 'number'.
src/pages/Stats.tsx(78,49): error TS2365: Operator '>' cannot be applied to types 'string | number' and 'number'.
src/pages/Stats.tsx(79,35): error TS2362: The left-hand side of an arithmetic operation must be of type 'any', 'number', 'bigint' or an enum type.
src/pages/Stats.tsx(79,60): error TS2363: The right-hand side of an arithmetic operation must be of type 'any', 'number', 'bigint' or an enum type.
src/pages/Stats.tsx(83,40): error TS2365: Operator '>' cannot be applied to types 'string | number' and 'number'.
src/pages/Stats.tsx(84,13): error TS2322: Type 'number | ""' is not assignable to type 'number'.
  Type 'string' is not assignable to type 'number'.
src/pages/Stats.tsx(112,48): error TS2339: Property 'name' does not exist on type 'string'.
src/pages/Stats.tsx(113,32): error TS2339: Property 'muscleGroup' does not exist on type 'string'.
src/pages/Stats.tsx(150,36): error TS2365: Operator '>' cannot be applied to types 'string | number' and 'number'.
src/pages/Stats.tsx(150,52): error TS2322: Type 'number | ""' is not assignable to type 'number'.
  Type 'string' is not assignable to type 'number'.
src/pages/Stats.tsx(272,21): error TS2322: Type '(value: number) => [string, string]' is not assignable to type 'Formatter<ValueType, NameType> & ((value: ValueType, name: NameType, item: TooltipPayloadEntry, index: number, payload: TooltipPayload) => ReactNode | [...])'.
  Type '(value: number) => [string, string]' is not assignable to type 'Formatter<ValueType, NameType>'.
    Types of parameters 'value' and 'value' are incompatible.
      Type 'ValueType | undefined' is not assignable to type 'number'.
        Type 'undefined' is not assignable to type 'number'.
src/pages/Stats.tsx(298,19): error TS2322: Type '(value: number) => [string, string]' is not assignable to type 'Formatter<ValueType, NameType> & ((value: ValueType, name: NameType, item: TooltipPayloadEntry, index: number, payload: TooltipPayload) => ReactNode | [...])'.
  Type '(value: number) => [string, string]' is not assignable to type 'Formatter<ValueType, NameType>'.
    Types of parameters 'value' and 'value' are incompatible.
      Type 'ValueType | undefined' is not assignable to type 'number'.
        Type 'undefined' is not assignable to type 'number'.
src/pages/Stats.tsx(350,21): error TS2322: Type '(value: number) => [string]' is not assignable to type 'Formatter<ValueType, NameType> & ((value: ValueType, name: NameType, item: TooltipPayloadEntry, index: number, payload: TooltipPayload) => ReactNode | [...])'.
  Type '(value: number) => [string]' is not assignable to type 'Formatter<ValueType, NameType>'.
    Types of parameters 'value' and 'value' are incompatible.
      Type 'ValueType | undefined' is not assignable to type 'number'.
        Type 'undefined' is not assignable to type 'number'.
