src/components/diet/FoodDatabaseModal.tsx(2,44): error TS6133: 'Heart' is declared but its value is never read.
src/components/LogMealModal.tsx(12,20): error TS2339: Property 'uniqueMeals' does not exist on type 'DietContextType'.
src/components/LogMealModal.tsx(26,19): error TS2345: Argument of type '{ meal_type: MealType; name: string; calories: number; protein: number; carbs: number; fat: number; }' is not assignable to parameter of type 'Omit<Meal, "id" | "created_at" | "user_id">'.
  Type '{ meal_type: MealType; name: string; calories: number; protein: number; carbs: number; fat: number; }' is missing the following properties from type 'Omit<Meal, "id" | "created_at" | "user_id">': date, items, fiber, sugar, and 8 more.
src/components/LogMealModal.tsx(88,43): error TS7006: Parameter 'meal' implicitly has an 'any' type.
src/components/LogMealModal.tsx(88,49): error TS7006: Parameter 'idx' implicitly has an 'any' type.
src/context/DietContext.tsx(5,18): error TS6133: 'subDays' is declared but its value is never read.
src/context/DietContext.tsx(202,21): error TS6133: 'error' is declared but its value is never read.
src/pages/WeightLog.tsx(29,27): error TS2345: Argument of type 'number' is not assignable to parameter of type '{ weight: number; body_fat_pct?: number | undefined; muscle_mass_kg?: number | undefined; waist_cm?: number | undefined; }'.
