src/pages/Stats.tsx(9,77): error TS6133: 'getWeek' is declared but its value is never read.
src/pages/Stats.tsx(12,50): error TS6133: 'ChevronUp' is declared but its value is never read.
